// Jest Snapshot v1, https://goo.gl/fbAQLP

exports[`Pruebas en <GifGridItem /> debe de mostrar el componente correctamente 1`] = `
<div>
  <div
    class="card animate__animated animate__fadeIn animate__delay-2s"
  >
    <img
      alt="Un titulo"
      src="https://localhost/algo.jpg"
    />
    <p>
      Un titulo
    </p>
  </div>
</div>
`;
